[2026-05-08T20:48:58.177+0000] {local_task_job_runner.py:123} INFO - ::group::Pre task execution logs
[2026-05-08T20:48:58.233+0000] {taskinstance.py:2614} INFO - Dependencies all met for dep_context=non-requeueable deps ti=<TaskInstance: uvt_example.run_bash_command manual__2026-05-08T20:48:52.539825+00:00 [queued]>
[2026-05-08T20:48:58.252+0000] {taskinstance.py:2614} INFO - Dependencies all met for dep_context=requeueable deps ti=<TaskInstance: uvt_example.run_bash_command manual__2026-05-08T20:48:52.539825+00:00 [queued]>
[2026-05-08T20:48:58.252+0000] {taskinstance.py:2867} INFO - Starting attempt 1 of 2
[2026-05-08T20:48:58.501+0000] {taskinstance.py:2890} INFO - Executing <Task(BashOperator): run_bash_command> on 2026-05-08 20:48:52.539825+00:00
[2026-05-08T20:48:58.511+0000] {warnings.py:112} WARNING - /home/***/.local/lib/python3.12/site-packages/***/task/task_runner/standard_task_runner.py:70: DeprecationWarning: This process (pid=324) is multi-threaded, use of fork() may lead to deadlocks in the child.
  pid = os.fork()

[2026-05-08T20:48:58.511+0000] {standard_task_runner.py:104} INFO - Running: ['***', 'tasks', 'run', 'uvt_example', 'run_bash_command', 'manual__2026-05-08T20:48:52.539825+00:00', '--job-id', '15', '--raw', '--subdir', 'DAGS_FOLDER/hmida.py', '--cfg-path', '/tmp/tmpqjy2hv9f']
[2026-05-08T20:48:58.512+0000] {standard_task_runner.py:72} INFO - Started process 337 to run task
[2026-05-08T20:48:58.512+0000] {standard_task_runner.py:105} INFO - Job 15: Subtask run_bash_command
[2026-05-08T20:48:58.595+0000] {task_command.py:467} INFO - Running <TaskInstance: uvt_example.run_bash_command manual__2026-05-08T20:48:52.539825+00:00 [running]> on host c17fef1c5ab2
[2026-05-08T20:48:58.701+0000] {taskinstance.py:3134} INFO - Exporting env vars: AIRFLOW_CTX_DAG_OWNER='***' AIRFLOW_CTX_DAG_ID='uvt_example' AIRFLOW_CTX_TASK_ID='run_bash_command' AIRFLOW_CTX_EXECUTION_DATE='2026-05-08T20:48:52.539825+00:00' AIRFLOW_CTX_TRY_NUMBER='1' AIRFLOW_CTX_DAG_RUN_ID='manual__2026-05-08T20:48:52.539825+00:00'
[2026-05-08T20:48:58.703+0000] {logging_mixin.py:190} INFO - Task instance is in running state
[2026-05-08T20:48:58.703+0000] {logging_mixin.py:190} INFO -  Previous state of the Task instance: queued
[2026-05-08T20:48:58.703+0000] {logging_mixin.py:190} INFO - Current task name:run_bash_command state:running start_date:2026-05-08 20:48:58.234098+00:00
[2026-05-08T20:48:58.703+0000] {logging_mixin.py:190} INFO - Dag name:uvt_example and current dag run status:running
[2026-05-08T20:48:58.704+0000] {taskinstance.py:732} INFO - ::endgroup::
[2026-05-08T20:48:58.705+0000] {subprocess.py:78} INFO - Tmp dir root location: /tmp
[2026-05-08T20:48:58.705+0000] {subprocess.py:88} INFO - Running command: ['/usr/bin/bash', '-c', 'rm /tmp/my_file.txt']
[2026-05-08T20:48:58.723+0000] {subprocess.py:99} INFO - Output:
[2026-05-08T20:48:58.729+0000] {subprocess.py:110} INFO - Command exited with return code 0
[2026-05-08T20:48:58.752+0000] {taskinstance.py:341} INFO - ::group::Post task execution logs
[2026-05-08T20:48:58.753+0000] {taskinstance.py:353} INFO - Marking task as SUCCESS. dag_id=uvt_example, task_id=run_bash_command, run_id=manual__2026-05-08T20:48:52.539825+00:00, execution_date=20260508T204852, start_date=20260508T204858, end_date=20260508T204858
[2026-05-08T20:48:58.773+0000] {logging_mixin.py:190} INFO - Task instance in success state
[2026-05-08T20:48:58.773+0000] {logging_mixin.py:190} INFO -  Previous state of the Task instance: running
[2026-05-08T20:48:58.773+0000] {logging_mixin.py:190} INFO - Dag name:uvt_example queued_at:2026-05-08 20:48:52.552215+00:00
[2026-05-08T20:48:58.773+0000] {logging_mixin.py:190} INFO - Task hostname:c17fef1c5ab2 operator:BashOperator
[2026-05-08T20:48:58.815+0000] {local_task_job_runner.py:266} INFO - Task exited with return code 0
[2026-05-08T20:48:58.830+0000] {taskinstance.py:3901} INFO - 0 downstream tasks scheduled from follow-on schedule check
[2026-05-08T20:48:58.833+0000] {local_task_job_runner.py:245} INFO - ::endgroup::
