[2026-05-08T20:48:57.831+0000] {local_task_job_runner.py:123} INFO - ::group::Pre task execution logs
[2026-05-08T20:48:57.859+0000] {taskinstance.py:2614} INFO - Dependencies all met for dep_context=non-requeueable deps ti=<TaskInstance: uvt_example.print_message manual__2026-05-08T20:48:52.539825+00:00 [queued]>
[2026-05-08T20:48:57.872+0000] {taskinstance.py:2614} INFO - Dependencies all met for dep_context=requeueable deps ti=<TaskInstance: uvt_example.print_message manual__2026-05-08T20:48:52.539825+00:00 [queued]>
[2026-05-08T20:48:57.872+0000] {taskinstance.py:2867} INFO - Starting attempt 1 of 2
[2026-05-08T20:48:58.144+0000] {taskinstance.py:2890} INFO - Executing <Task(PythonOperator): print_message> on 2026-05-08 20:48:52.539825+00:00
[2026-05-08T20:48:58.165+0000] {warnings.py:112} WARNING - /home/***/.local/lib/python3.12/site-packages/***/task/task_runner/standard_task_runner.py:70: DeprecationWarning: This process (pid=325) is multi-threaded, use of fork() may lead to deadlocks in the child.
  pid = os.fork()

[2026-05-08T20:48:58.169+0000] {standard_task_runner.py:72} INFO - Started process 335 to run task
[2026-05-08T20:48:58.170+0000] {standard_task_runner.py:104} INFO - Running: ['***', 'tasks', 'run', 'uvt_example', 'print_message', 'manual__2026-05-08T20:48:52.539825+00:00', '--job-id', '14', '--raw', '--subdir', 'DAGS_FOLDER/hmida.py', '--cfg-path', '/tmp/tmpr8wrgxvb']
[2026-05-08T20:48:58.172+0000] {standard_task_runner.py:105} INFO - Job 14: Subtask print_message
[2026-05-08T20:48:58.260+0000] {task_command.py:467} INFO - Running <TaskInstance: uvt_example.print_message manual__2026-05-08T20:48:52.539825+00:00 [running]> on host c17fef1c5ab2
[2026-05-08T20:48:58.395+0000] {taskinstance.py:3134} INFO - Exporting env vars: AIRFLOW_CTX_DAG_OWNER='***' AIRFLOW_CTX_DAG_ID='uvt_example' AIRFLOW_CTX_TASK_ID='print_message' AIRFLOW_CTX_EXECUTION_DATE='2026-05-08T20:48:52.539825+00:00' AIRFLOW_CTX_TRY_NUMBER='1' AIRFLOW_CTX_DAG_RUN_ID='manual__2026-05-08T20:48:52.539825+00:00'
[2026-05-08T20:48:58.397+0000] {logging_mixin.py:190} INFO - Task instance is in running state
[2026-05-08T20:48:58.397+0000] {logging_mixin.py:190} INFO -  Previous state of the Task instance: queued
[2026-05-08T20:48:58.397+0000] {logging_mixin.py:190} INFO - Current task name:print_message state:running start_date:2026-05-08 20:48:57.859930+00:00
[2026-05-08T20:48:58.398+0000] {logging_mixin.py:190} INFO - Dag name:uvt_example and current dag run status:running
[2026-05-08T20:48:58.398+0000] {taskinstance.py:732} INFO - ::endgroup::
[2026-05-08T20:48:58.399+0000] {logging_mixin.py:190} INFO - Hello, Airflow!
[2026-05-08T20:48:58.399+0000] {python.py:240} INFO - Done. Returned value was: None
[2026-05-08T20:48:58.412+0000] {taskinstance.py:341} INFO - ::group::Post task execution logs
[2026-05-08T20:48:58.412+0000] {taskinstance.py:353} INFO - Marking task as SUCCESS. dag_id=uvt_example, task_id=print_message, run_id=manual__2026-05-08T20:48:52.539825+00:00, execution_date=20260508T204852, start_date=20260508T204857, end_date=20260508T204858
[2026-05-08T20:48:58.453+0000] {logging_mixin.py:190} INFO - Task instance in success state
[2026-05-08T20:48:58.454+0000] {logging_mixin.py:190} INFO -  Previous state of the Task instance: running
[2026-05-08T20:48:58.454+0000] {logging_mixin.py:190} INFO - Dag name:uvt_example queued_at:2026-05-08 20:48:52.552215+00:00
[2026-05-08T20:48:58.455+0000] {logging_mixin.py:190} INFO - Task hostname:c17fef1c5ab2 operator:PythonOperator
[2026-05-08T20:48:58.509+0000] {local_task_job_runner.py:266} INFO - Task exited with return code 0
[2026-05-08T20:48:58.533+0000] {taskinstance.py:3901} INFO - 0 downstream tasks scheduled from follow-on schedule check
[2026-05-08T20:48:58.534+0000] {local_task_job_runner.py:245} INFO - ::endgroup::
