[2026-05-08T20:48:54.721+0000] {local_task_job_runner.py:123} INFO - ::group::Pre task execution logs
[2026-05-08T20:48:54.735+0000] {taskinstance.py:2614} INFO - Dependencies all met for dep_context=non-requeueable deps ti=<TaskInstance: uvt_example.wait_for_file manual__2026-05-08T20:48:52.539825+00:00 [queued]>
[2026-05-08T20:48:54.741+0000] {taskinstance.py:2614} INFO - Dependencies all met for dep_context=requeueable deps ti=<TaskInstance: uvt_example.wait_for_file manual__2026-05-08T20:48:52.539825+00:00 [queued]>
[2026-05-08T20:48:54.741+0000] {taskinstance.py:2867} INFO - Starting attempt 1 of 2
[2026-05-08T20:48:54.877+0000] {taskinstance.py:2890} INFO - Executing <Task(FileSensor): wait_for_file> on 2026-05-08 20:48:52.539825+00:00
[2026-05-08T20:48:54.885+0000] {warnings.py:112} WARNING - /home/***/.local/lib/python3.12/site-packages/***/task/task_runner/standard_task_runner.py:70: DeprecationWarning: This process (pid=320) is multi-threaded, use of fork() may lead to deadlocks in the child.
  pid = os.fork()

[2026-05-08T20:48:54.886+0000] {standard_task_runner.py:72} INFO - Started process 322 to run task
[2026-05-08T20:48:54.887+0000] {standard_task_runner.py:104} INFO - Running: ['***', 'tasks', 'run', 'uvt_example', 'wait_for_file', 'manual__2026-05-08T20:48:52.539825+00:00', '--job-id', '13', '--raw', '--subdir', 'DAGS_FOLDER/hmida.py', '--cfg-path', '/tmp/tmp638swbnr']
[2026-05-08T20:48:54.887+0000] {standard_task_runner.py:105} INFO - Job 13: Subtask wait_for_file
[2026-05-08T20:48:54.925+0000] {task_command.py:467} INFO - Running <TaskInstance: uvt_example.wait_for_file manual__2026-05-08T20:48:52.539825+00:00 [running]> on host c17fef1c5ab2
[2026-05-08T20:48:54.990+0000] {taskinstance.py:3134} INFO - Exporting env vars: AIRFLOW_CTX_DAG_OWNER='***' AIRFLOW_CTX_DAG_ID='uvt_example' AIRFLOW_CTX_TASK_ID='wait_for_file' AIRFLOW_CTX_EXECUTION_DATE='2026-05-08T20:48:52.539825+00:00' AIRFLOW_CTX_TRY_NUMBER='1' AIRFLOW_CTX_DAG_RUN_ID='manual__2026-05-08T20:48:52.539825+00:00'
[2026-05-08T20:48:54.992+0000] {logging_mixin.py:190} INFO - Task instance is in running state
[2026-05-08T20:48:54.992+0000] {logging_mixin.py:190} INFO -  Previous state of the Task instance: queued
[2026-05-08T20:48:54.992+0000] {logging_mixin.py:190} INFO - Current task name:wait_for_file state:running start_date:2026-05-08 20:48:54.735573+00:00
[2026-05-08T20:48:54.992+0000] {logging_mixin.py:190} INFO - Dag name:uvt_example and current dag run status:running
[2026-05-08T20:48:54.993+0000] {taskinstance.py:732} INFO - ::endgroup::
[2026-05-08T20:48:54.993+0000] {baseoperator.py:423} WARNING - FileSensor.execute cannot be called outside TaskInstance!
[2026-05-08T20:48:55.000+0000] {base.py:84} INFO - Retrieving connection 'fs_default'
[2026-05-08T20:48:55.000+0000] {filesystem.py:109} INFO - Poking for file /tmp/my_file.txt
[2026-05-08T20:48:55.000+0000] {filesystem.py:113} INFO - Found File /tmp/my_file.txt last modified: 20260508203737
[2026-05-08T20:48:55.001+0000] {base.py:339} INFO - Success criteria met. Exiting.
[2026-05-08T20:48:55.001+0000] {filesystem.py:109} INFO - Poking for file /tmp/my_file.txt
[2026-05-08T20:48:55.001+0000] {filesystem.py:113} INFO - Found File /tmp/my_file.txt last modified: 20260508203737
[2026-05-08T20:48:55.009+0000] {taskinstance.py:341} INFO - ::group::Post task execution logs
[2026-05-08T20:48:55.009+0000] {taskinstance.py:353} INFO - Marking task as SUCCESS. dag_id=uvt_example, task_id=wait_for_file, run_id=manual__2026-05-08T20:48:52.539825+00:00, execution_date=20260508T204852, start_date=20260508T204854, end_date=20260508T204855
[2026-05-08T20:48:55.027+0000] {logging_mixin.py:190} INFO - Task instance in success state
[2026-05-08T20:48:55.027+0000] {logging_mixin.py:190} INFO -  Previous state of the Task instance: running
[2026-05-08T20:48:55.027+0000] {logging_mixin.py:190} INFO - Dag name:uvt_example queued_at:2026-05-08 20:48:52.552215+00:00
[2026-05-08T20:48:55.028+0000] {logging_mixin.py:190} INFO - Task hostname:c17fef1c5ab2 operator:FileSensor
[2026-05-08T20:48:55.060+0000] {local_task_job_runner.py:266} INFO - Task exited with return code 0
[2026-05-08T20:48:55.084+0000] {taskinstance.py:3901} INFO - 2 downstream tasks scheduled from follow-on schedule check
[2026-05-08T20:48:55.085+0000] {local_task_job_runner.py:245} INFO - ::endgroup::
