[2026-05-23T16:10:01.440+0000] {local_task_job_runner.py:123} INFO - ::group::Pre task execution logs
[2026-05-23T16:10:01.473+0000] {taskinstance.py:2614} INFO - Dependencies all met for dep_context=non-requeueable deps ti=<TaskInstance: uvt_example.wait_for_file scheduled__2026-05-22T00:00:00+00:00 [queued]>
[2026-05-23T16:10:01.486+0000] {taskinstance.py:2614} INFO - Dependencies all met for dep_context=requeueable deps ti=<TaskInstance: uvt_example.wait_for_file scheduled__2026-05-22T00:00:00+00:00 [queued]>
[2026-05-23T16:10:01.487+0000] {taskinstance.py:2867} INFO - Starting attempt 1 of 2
[2026-05-23T16:10:01.756+0000] {taskinstance.py:2890} INFO - Executing <Task(FileSensor): wait_for_file> on 2026-05-22 00:00:00+00:00
[2026-05-23T16:10:01.772+0000] {standard_task_runner.py:104} INFO - Running: ['***', 'tasks', 'run', 'uvt_example', 'wait_for_file', 'scheduled__2026-05-22T00:00:00+00:00', '--job-id', '19', '--raw', '--subdir', 'DAGS_FOLDER/hmida.py', '--cfg-path', '/tmp/tmpk5amp6nu']
[2026-05-23T16:10:01.774+0000] {standard_task_runner.py:105} INFO - Job 19: Subtask wait_for_file
[2026-05-23T16:10:01.780+0000] {warnings.py:112} WARNING - /home/***/.local/lib/python3.12/site-packages/***/task/task_runner/standard_task_runner.py:70: DeprecationWarning: This process (pid=68) is multi-threaded, use of fork() may lead to deadlocks in the child.
  pid = os.fork()

[2026-05-23T16:10:01.781+0000] {standard_task_runner.py:72} INFO - Started process 71 to run task
[2026-05-23T16:10:01.870+0000] {task_command.py:467} INFO - Running <TaskInstance: uvt_example.wait_for_file scheduled__2026-05-22T00:00:00+00:00 [running]> on host c17fef1c5ab2
[2026-05-23T16:10:02.086+0000] {taskinstance.py:3134} INFO - Exporting env vars: AIRFLOW_CTX_DAG_OWNER='***' AIRFLOW_CTX_DAG_ID='uvt_example' AIRFLOW_CTX_TASK_ID='wait_for_file' AIRFLOW_CTX_EXECUTION_DATE='2026-05-22T00:00:00+00:00' AIRFLOW_CTX_TRY_NUMBER='1' AIRFLOW_CTX_DAG_RUN_ID='scheduled__2026-05-22T00:00:00+00:00'
[2026-05-23T16:10:02.089+0000] {logging_mixin.py:190} INFO - Task instance is in running state
[2026-05-23T16:10:02.090+0000] {logging_mixin.py:190} INFO -  Previous state of the Task instance: queued
[2026-05-23T16:10:02.090+0000] {logging_mixin.py:190} INFO - Current task name:wait_for_file state:running start_date:2026-05-23 16:10:01.473480+00:00
[2026-05-23T16:10:02.090+0000] {logging_mixin.py:190} INFO - Dag name:uvt_example and current dag run status:running
[2026-05-23T16:10:02.091+0000] {taskinstance.py:732} INFO - ::endgroup::
[2026-05-23T16:10:02.096+0000] {baseoperator.py:423} WARNING - FileSensor.execute cannot be called outside TaskInstance!
[2026-05-23T16:10:02.160+0000] {base.py:84} INFO - Retrieving connection 'fs_default'
[2026-05-23T16:10:02.161+0000] {filesystem.py:109} INFO - Poking for file /tmp/my_file.txt
[2026-05-23T16:10:07.161+0000] {filesystem.py:109} INFO - Poking for file /tmp/my_file.txt
[2026-05-23T16:10:12.162+0000] {filesystem.py:109} INFO - Poking for file /tmp/my_file.txt
[2026-05-23T16:10:17.162+0000] {filesystem.py:109} INFO - Poking for file /tmp/my_file.txt
[2026-05-23T16:10:22.163+0000] {filesystem.py:109} INFO - Poking for file /tmp/my_file.txt
[2026-05-23T16:10:27.164+0000] {filesystem.py:109} INFO - Poking for file /tmp/my_file.txt
[2026-05-23T16:10:32.164+0000] {filesystem.py:109} INFO - Poking for file /tmp/my_file.txt
[2026-05-23T16:10:37.165+0000] {filesystem.py:109} INFO - Poking for file /tmp/my_file.txt
[2026-05-23T16:10:42.165+0000] {filesystem.py:109} INFO - Poking for file /tmp/my_file.txt
[2026-05-23T16:10:47.166+0000] {filesystem.py:109} INFO - Poking for file /tmp/my_file.txt
[2026-05-23T16:10:52.166+0000] {filesystem.py:109} INFO - Poking for file /tmp/my_file.txt
[2026-05-23T16:10:57.167+0000] {filesystem.py:109} INFO - Poking for file /tmp/my_file.txt
[2026-05-23T16:11:02.168+0000] {filesystem.py:109} INFO - Poking for file /tmp/my_file.txt
[2026-05-23T16:11:02.168+0000] {taskinstance.py:3313} ERROR - Task failed with exception
Traceback (most recent call last):
  File "/home/airflow/.local/lib/python3.12/site-packages/airflow/models/taskinstance.py", line 768, in _execute_task
    result = _execute_callable(context=context, **execute_callable_kwargs)
             ^^^^^^^^^^^^^^^^^^^^^^^^^^^^^^^^^^^^^^^^^^^^^^^^^^^^^^^^^^^^^
  File "/home/airflow/.local/lib/python3.12/site-packages/airflow/models/taskinstance.py", line 734, in _execute_callable
    return ExecutionCallableRunner(
           ^^^^^^^^^^^^^^^^^^^^^^^^
  File "/home/airflow/.local/lib/python3.12/site-packages/airflow/utils/operator_helpers.py", line 252, in run
    return self.func(*args, **kwargs)
           ^^^^^^^^^^^^^^^^^^^^^^^^^^
  File "/home/airflow/.local/lib/python3.12/site-packages/airflow/models/baseoperator.py", line 424, in wrapper
    return func(self, *args, **kwargs)
           ^^^^^^^^^^^^^^^^^^^^^^^^^^^
  File "/home/airflow/.local/lib/python3.12/site-packages/airflow/sensors/filesystem.py", line 123, in execute
    super().execute(context=context)
  File "/home/airflow/.local/lib/python3.12/site-packages/airflow/models/baseoperator.py", line 424, in wrapper
    return func(self, *args, **kwargs)
           ^^^^^^^^^^^^^^^^^^^^^^^^^^^
  File "/home/airflow/.local/lib/python3.12/site-packages/airflow/sensors/base.py", line 326, in execute
    raise AirflowSensorTimeout(message)
airflow.exceptions.AirflowSensorTimeout: Sensor has timed out; run duration of 60.07136427899968 seconds exceeds the specified timeout of 60.0.
[2026-05-23T16:11:02.219+0000] {logging_mixin.py:190} INFO - Task instance in failure state
[2026-05-23T16:11:02.220+0000] {logging_mixin.py:190} INFO - Task start:2026-05-23 16:10:01.473480+00:00 end:2026-05-23 16:11:02.219498+00:00 duration:60.746018
[2026-05-23T16:11:02.220+0000] {logging_mixin.py:190} INFO - Task:<Task(FileSensor): wait_for_file> dag:<DAG: uvt_example> dagrun:<DagRun uvt_example @ 2026-05-22 00:00:00+00:00: scheduled__2026-05-22T00:00:00+00:00, state:running, queued_at: 2026-05-23 16:09:54.561464+00:00. externally triggered: False>
[2026-05-23T16:11:02.220+0000] {logging_mixin.py:190} INFO - Failure caused by Sensor has timed out; run duration of 60.07136427899968 seconds exceeds the specified timeout of 60.0.
[2026-05-23T16:11:02.221+0000] {taskinstance.py:1226} INFO - Immediate failure requested. Marking task as FAILED. dag_id=uvt_example, task_id=wait_for_file, run_id=scheduled__2026-05-22T00:00:00+00:00, execution_date=20260522T000000, start_date=20260523T161001, end_date=20260523T161102
[2026-05-23T16:11:02.249+0000] {taskinstance.py:341} INFO - ::group::Post task execution logs
[2026-05-23T16:11:02.249+0000] {standard_task_runner.py:124} ERROR - Failed to execute job 19 for task wait_for_file (Sensor has timed out; run duration of 60.07136427899968 seconds exceeds the specified timeout of 60.0.; 71)
Traceback (most recent call last):
  File "/home/airflow/.local/lib/python3.12/site-packages/airflow/task/task_runner/standard_task_runner.py", line 117, in _start_by_fork
    ret = args.func(args, dag=self.dag)
          ^^^^^^^^^^^^^^^^^^^^^^^^^^^^^
  File "/home/airflow/.local/lib/python3.12/site-packages/airflow/cli/cli_config.py", line 49, in command
    return func(*args, **kwargs)
           ^^^^^^^^^^^^^^^^^^^^^
  File "/home/airflow/.local/lib/python3.12/site-packages/airflow/utils/cli.py", line 116, in wrapper
    return f(*args, **kwargs)
           ^^^^^^^^^^^^^^^^^^
  File "/home/airflow/.local/lib/python3.12/site-packages/airflow/cli/commands/task_command.py", line 483, in task_run
    task_return_code = _run_task_by_selected_method(args, _dag, ti)
                       ^^^^^^^^^^^^^^^^^^^^^^^^^^^^^^^^^^^^^^^^^^^^
  File "/home/airflow/.local/lib/python3.12/site-packages/airflow/cli/commands/task_command.py", line 256, in _run_task_by_selected_method
    return _run_raw_task(args, ti)
           ^^^^^^^^^^^^^^^^^^^^^^^
  File "/home/airflow/.local/lib/python3.12/site-packages/airflow/cli/commands/task_command.py", line 341, in _run_raw_task
    return ti._run_raw_task(
           ^^^^^^^^^^^^^^^^^
  File "/home/airflow/.local/lib/python3.12/site-packages/airflow/utils/session.py", line 97, in wrapper
    return func(*args, session=session, **kwargs)
           ^^^^^^^^^^^^^^^^^^^^^^^^^^^^^^^^^^^^^^
  File "/home/airflow/.local/lib/python3.12/site-packages/airflow/models/taskinstance.py", line 3006, in _run_raw_task
    return _run_raw_task(
           ^^^^^^^^^^^^^^
  File "/home/airflow/.local/lib/python3.12/site-packages/airflow/models/taskinstance.py", line 274, in _run_raw_task
    TaskInstance._execute_task_with_callbacks(
  File "/home/airflow/.local/lib/python3.12/site-packages/airflow/models/taskinstance.py", line 3161, in _execute_task_with_callbacks
    result = self._execute_task(context, task_orig)
             ^^^^^^^^^^^^^^^^^^^^^^^^^^^^^^^^^^^^^^
  File "/home/airflow/.local/lib/python3.12/site-packages/airflow/models/taskinstance.py", line 3185, in _execute_task
    return _execute_task(self, context, task_orig)
           ^^^^^^^^^^^^^^^^^^^^^^^^^^^^^^^^^^^^^^^
  File "/home/airflow/.local/lib/python3.12/site-packages/airflow/models/taskinstance.py", line 768, in _execute_task
    result = _execute_callable(context=context, **execute_callable_kwargs)
             ^^^^^^^^^^^^^^^^^^^^^^^^^^^^^^^^^^^^^^^^^^^^^^^^^^^^^^^^^^^^^
  File "/home/airflow/.local/lib/python3.12/site-packages/airflow/models/taskinstance.py", line 734, in _execute_callable
    return ExecutionCallableRunner(
           ^^^^^^^^^^^^^^^^^^^^^^^^
  File "/home/airflow/.local/lib/python3.12/site-packages/airflow/utils/operator_helpers.py", line 252, in run
    return self.func(*args, **kwargs)
           ^^^^^^^^^^^^^^^^^^^^^^^^^^
  File "/home/airflow/.local/lib/python3.12/site-packages/airflow/models/baseoperator.py", line 424, in wrapper
    return func(self, *args, **kwargs)
           ^^^^^^^^^^^^^^^^^^^^^^^^^^^
  File "/home/airflow/.local/lib/python3.12/site-packages/airflow/sensors/filesystem.py", line 123, in execute
    super().execute(context=context)
  File "/home/airflow/.local/lib/python3.12/site-packages/airflow/models/baseoperator.py", line 424, in wrapper
    return func(self, *args, **kwargs)
           ^^^^^^^^^^^^^^^^^^^^^^^^^^^
  File "/home/airflow/.local/lib/python3.12/site-packages/airflow/sensors/base.py", line 326, in execute
    raise AirflowSensorTimeout(message)
airflow.exceptions.AirflowSensorTimeout: Sensor has timed out; run duration of 60.07136427899968 seconds exceeds the specified timeout of 60.0.
[2026-05-23T16:11:02.273+0000] {local_task_job_runner.py:266} INFO - Task exited with return code 1
[2026-05-23T16:11:02.302+0000] {taskinstance.py:3901} INFO - 0 downstream tasks scheduled from follow-on schedule check
[2026-05-23T16:11:02.306+0000] {local_task_job_runner.py:245} INFO - ::endgroup::
